--------------------------------------------------------------------------------
Release 14.6 Trace  (lin64)
Copyright (c) 1995-2013 Xilinx, Inc.  All rights reserved.

/opt/Xilinx/14.6/ISE_DS/ISE/bin/lin64/unwrapped/trce -filter
/home/piter/fpga/projects/bus_vector_operator_and/iseconfig/filter.filter
-intstyle ise -v 3 -s 3 -n 3 -fastpaths -xml entity1.twx entity1.ncd -o
entity1.twr entity1.pcf -ucf constraints1.ucf

Design file:              entity1.ncd
Physical constraint file: entity1.pcf
Device,package,speed:     xc6slx45,csg324,C,-3 (PRODUCTION 1.23 2013-06-08)
Report level:             verbose report

Environment Variable      Effect 
--------------------      ------ 
NONE                      No environment variables were set
--------------------------------------------------------------------------------

INFO:Timing:2698 - No timing constraints found, doing default enumeration.
INFO:Timing:3412 - To improve timing, see the Timing Closure User Guide (UG612).
INFO:Timing:2752 - To get complete path coverage, use the unconstrained paths 
   option. All paths that are not constrained will be reported in the 
   unconstrained paths section(s) of the report.
INFO:Timing:3339 - The clock-to-out numbers in this timing report are based on 
   a 50 Ohm transmission line loading model.  For the details of this model, 
   and for more information on accounting for different loading conditions, 
   please see the device datasheet.



Data Sheet report:
-----------------
All values displayed in nanoseconds (ns)

Pad to Pad
---------------+---------------+---------+
Source Pad     |Destination Pad|  Delay  |
---------------+---------------+---------+
switches<0>    |LED<0>         |   13.426|
switches<0>    |LED<4>         |   13.921|
switches<1>    |LED<1>         |   14.887|
switches<1>    |LED<5>         |   16.327|
switches<2>    |LED<2>         |   12.075|
switches<2>    |LED<6>         |   14.215|
switches<3>    |LED<3>         |   10.319|
switches<3>    |LED<7>         |   11.075|
switches<4>    |LED<0>         |   10.255|
switches<4>    |LED<4>         |   10.750|
switches<5>    |LED<1>         |   15.240|
switches<5>    |LED<5>         |   16.680|
switches<6>    |LED<2>         |   10.940|
switches<6>    |LED<6>         |   13.080|
switches<7>    |LED<3>         |   13.634|
switches<7>    |LED<7>         |   14.390|
---------------+---------------+---------+


Analysis completed Sun Oct 27 00:45:31 2013 
--------------------------------------------------------------------------------

Trace Settings:
-------------------------
Trace Settings 

Peak Memory Usage: 435 MB



